features/projects/components/tabs/ProjectCapitalTab.tsx(80,36): error TS2339: Property 'getTasksByProject' does not exist on type '{ getAllTasks: (projectIds?: string[]) => Promise<DbTask[]>; getProjectTasks: (projectId: string) => Promise<DbTask[]>; getInternalTasks: () => Promise<DbTask[]>; ... 10 more ...; createTasksFromWorkflow: (projectId: string, workflowId: string, startDate: string, endDate: string) => Promise<...>; }'.
features/projects/components/tabs/ProjectInfoTab.tsx(157,51): error TS2339: Property 'getProjectWorkflowTasks' does not exist on type '{ getTemplates: (category?: string) => Promise<Workflow[]>; getTemplateDetail: (workflowId: string) => Promise<{ workflow: Workflow; nodes: WorkflowNode[]; edges: WorkflowEdge[]; }>; ... 4 more ...; seedTemplate: (workflow: any, nodes: any[], edges: any[]) => Promise<...>; }'.
features/projects/ProjectDetail.tsx(9,10): error TS2724: '"@/hooks/useWorkflowTasks"' has no exported member named 'useProjectWorkflowTasks'. Did you mean 'useWorkflowTasks'?
features/regulations/Regulations.tsx(113,69): error TS17001: JSX elements cannot have multiple attributes with the same name.
features/regulations/Regulations.tsx(116,69): error TS17001: JSX elements cannot have multiple attributes with the same name.
features/regulations/Regulations.tsx(155,59): error TS17001: JSX elements cannot have multiple attributes with the same name.
features/regulations/Regulations.tsx(156,71): error TS17001: JSX elements cannot have multiple attributes with the same name.
features/workflows/components/WorkflowStepDetailPanel.tsx(42,64): error TS2339: Property 'getInstanceDetails' does not exist on type '{ getTemplates: (category?: string) => Promise<Workflow[]>; getTemplateDetail: (workflowId: string) => Promise<{ workflow: Workflow; nodes: WorkflowNode[]; edges: WorkflowEdge[]; }>; ... 4 more ...; seedTemplate: (workflow: any, nodes: any[], edges: any[]) => Promise<...>; }'.
features/workflows/components/WorkflowStepDetailPanel.tsx(89,49): error TS2339: Property 'getInstanceTimeline' does not exist on type '{ getTemplates: (category?: string) => Promise<Workflow[]>; getTemplateDetail: (workflowId: string) => Promise<{ workflow: Workflow; nodes: WorkflowNode[]; edges: WorkflowEdge[]; }>; ... 4 more ...; seedTemplate: (workflow: any, nodes: any[], edges: any[]) => Promise<...>; }'.
features/workflows/components/WorkflowStepDetailPanel.tsx(100,46): error TS2339: Property 'getOrCreateTaskFolder' does not exist on type '{ getTemplates: (category?: string) => Promise<Workflow[]>; getTemplateDetail: (workflowId: string) => Promise<{ workflow: Workflow; nodes: WorkflowNode[]; edges: WorkflowEdge[]; }>; ... 4 more ...; seedTemplate: (workflow: any, nodes: any[], edges: any[]) => Promise<...>; }'.
features/workflows/components/WorkflowStepDetailPanel.tsx(104,31): error TS2339: Property 'startTask' does not exist on type '{ getTemplates: (category?: string) => Promise<Workflow[]>; getTemplateDetail: (workflowId: string) => Promise<{ workflow: Workflow; nodes: WorkflowNode[]; edges: WorkflowEdge[]; }>; ... 4 more ...; seedTemplate: (workflow: any, nodes: any[], edges: any[]) => Promise<...>; }'.
features/workflows/components/WorkflowStepDetailPanel.tsx(116,31): error TS2339: Property 'submitTask' does not exist on type '{ getTemplates: (category?: string) => Promise<Workflow[]>; getTemplateDetail: (workflowId: string) => Promise<{ workflow: Workflow; nodes: WorkflowNode[]; edges: WorkflowEdge[]; }>; ... 4 more ...; seedTemplate: (workflow: any, nodes: any[], edges: any[]) => Promise<...>; }'.
features/workflows/components/WorkflowStepDetailPanel.tsx(128,29): error TS2339: Property 'processApproval' does not exist on type '{ getTemplates: (category?: string) => Promise<Workflow[]>; getTemplateDetail: (workflowId: string) => Promise<{ workflow: Workflow; nodes: WorkflowNode[]; edges: WorkflowEdge[]; }>; ... 4 more ...; seedTemplate: (workflow: any, nodes: any[], edges: any[]) => Promise<...>; }'.
services/ai/resourceOptimizer.ts(43,45): error TS2339: Property 'getTasksByProject' does not exist on type '{ getAllTasks: (projectIds?: string[]) => Promise<DbTask[]>; getProjectTasks: (projectId: string) => Promise<DbTask[]>; getInternalTasks: () => Promise<DbTask[]>; ... 10 more ...; createTasksFromWorkflow: (projectId: string, workflowId: string, startDate: string, endDate: string) => Promise<...>; }'.
services/TaskService.ts(93,35): error TS2589: Type instantiation is excessively deep and possibly infinite.
services/TaskService.ts(247,37): error TS2589: Type instantiation is excessively deep and possibly infinite.
services/taskTemplates.ts(360,5): error TS2322: Type '{ TaskID: string; ProjectID: string; Title: string; Description: string; Status: TaskStatus.Todo; Priority: TaskPriority; AssigneeID: string; DueDate: string; TimelineStep: string; ... 5 more ...; PredecessorTaskID: string; }[]' is not assignable to type 'Task[]'.
  Property 'TaskType' is missing in type '{ TaskID: string; ProjectID: string; Title: string; Description: string; Status: TaskStatus.Todo; Priority: TaskPriority; AssigneeID: string; DueDate: string; TimelineStep: string; ... 5 more ...; PredecessorTaskID: string; }' but required in type 'Task'.
