components/ui/ErrorBoundary.tsx(21,14): error TS2339: Property 'state' does not exist on type 'ErrorBoundary'.
components/ui/ErrorBoundary.tsx(30,14): error TS2339: Property 'props' does not exist on type 'ErrorBoundary'.
components/ui/ErrorBoundary.tsx(34,14): error TS2339: Property 'setState' does not exist on type 'ErrorBoundary'.
components/ui/ErrorBoundary.tsx(38,18): error TS2339: Property 'state' does not exist on type 'ErrorBoundary'.
components/ui/ErrorBoundary.tsx(39,22): error TS2339: Property 'props' does not exist on type 'ErrorBoundary'.
components/ui/ErrorBoundary.tsx(40,29): error TS2339: Property 'props' does not exist on type 'ErrorBoundary'.
components/ui/ErrorBoundary.tsx(53,35): error TS2339: Property 'state' does not exist on type 'ErrorBoundary'.
components/ui/ErrorBoundary.tsx(67,21): error TS2339: Property 'props' does not exist on type 'ErrorBoundary'.
features/documents/CDEManager.tsx(11,27): error TS2305: Module '"../../services/DocumentService"' has no exported member 'INTERLINKED_WORKFLOW_STEPS'.
features/documents/CDEManager.tsx(45,32): error TS2339: Property 'getNextWorkflowStep' does not exist on type 'typeof DocumentService'.
features/documents/CDEManager.tsx(175,103): error TS2339: Property 'getStatusColor' does not exist on type 'typeof DocumentService'.
features/documents/CDEManager.tsx(177,148): error TS2339: Property 'getStatusLabel' does not exist on type 'typeof DocumentService'.
features/documents/CDEManager.tsx(202,76): error TS2339: Property 'getStatusLabel' does not exist on type 'typeof DocumentService'.
features/documents/CDEManager.tsx(203,95): error TS2339: Property 'getStatusColor' does not exist on type 'typeof DocumentService'.
features/documents/CDEManager.tsx(270,122): error TS2339: Property 'getStatusLabel' does not exist on type 'typeof DocumentService'.
features/documents/XeokitViewer.tsx(2,24): error TS2307: Cannot find module '@xeokit/xeokit-sdk/src/viewer/Viewer' or its corresponding type declarations.
features/documents/XeokitViewer.tsx(3,36): error TS2307: Cannot find module '@xeokit/xeokit-sdk/src/plugins/WebIFCLoaderPlugin/WebIFCLoaderPlugin' or its corresponding type declarations.
features/documents/XeokitViewer.tsx(4,31): error TS2307: Cannot find module '@xeokit/xeokit-sdk/src/plugins/NavCubePlugin/NavCubePlugin' or its corresponding type declarations.
features/documents/XeokitViewer.tsx(5,32): error TS2307: Cannot find module '@xeokit/xeokit-sdk/src/plugins/TreeViewPlugin/TreeViewPlugin' or its corresponding type declarations.
features/documents/XeokitViewer.tsx(6,37): error TS2307: Cannot find module '@xeokit/xeokit-sdk/src/plugins/SectionPlanesPlugin/SectionPlanesPlugin' or its corresponding type declarations.
features/projects/components/documents/CdeExplorer.tsx(219,103): error TS2339: Property 'getStatusColor' does not exist on type 'typeof DocumentService'.
features/projects/components/documents/CdeExplorer.tsx(222,78): error TS2339: Property 'getStatusLabel' does not exist on type 'typeof DocumentService'.
features/projects/components/ProjectWorkflowTab.tsx(84,28): error TS2345: Argument of type '{ assignee_role: string; created_at: string; form_config: Json; id: string; is_deleted: boolean; metadata: Json; name: string; sla_formula: string; type: "start" | "end" | "approval" | "input" | "automated"; updated_at: string; workflow_id: string; }[]' is not assignable to parameter of type 'IsoWorkflowNode[]'.
  Type '{ assignee_role: string; created_at: string; form_config: Json; id: string; is_deleted: boolean; metadata: Json; name: string; sla_formula: string; type: "start" | "end" | "approval" | "input" | "automated"; updated_at: string; workflow_id: string; }' is not assignable to type 'IsoWorkflowNode'.
    Types of property 'form_config' are incompatible.
      Type 'Json' is not assignable to type 'Record<string, any>'.
        Type 'string' is not assignable to type 'Record<string, any>'.
features/projects/components/tabs/ProjectInfoTab.tsx(78,9): error TS2769: No overload matches this call.
  Overload 1 of 3, '(options: DefinedInitialDataOptions<ContractorWithPackages[], Error, ContractorWithPackages[], readonly unknown[]>, queryClient?: QueryClient): DefinedUseQueryResult<...>', gave the following error.
    Type '() => Promise<{ ContractorID: any; FullName: any; TaxCode: any; Address: any; Representative: any; ContactInfo: any; IsForeign: any; CapCertCode: any; OpLicenseNo: any; EstablishedYear: any; contractNames: any[]; packageNames: string[]; }[]>' is not assignable to type 'QueryFunction<ContractorWithPackages[], readonly unknown[]>'.
      Type 'Promise<{ ContractorID: any; FullName: any; TaxCode: any; Address: any; Representative: any; ContactInfo: any; IsForeign: any; CapCertCode: any; OpLicenseNo: any; EstablishedYear: any; contractNames: any[]; packageNames: string[]; }[]>' is not assignable to type 'ContractorWithPackages[] | Promise<ContractorWithPackages[]>'.
        Type 'Promise<{ ContractorID: any; FullName: any; TaxCode: any; Address: any; Representative: any; ContactInfo: any; IsForeign: any; CapCertCode: any; OpLicenseNo: any; EstablishedYear: any; contractNames: any[]; packageNames: string[]; }[]>' is not assignable to type 'Promise<ContractorWithPackages[]>'.
          Type '{ ContractorID: any; FullName: any; TaxCode: any; Address: any; Representative: any; ContactInfo: any; IsForeign: any; CapCertCode: any; OpLicenseNo: any; EstablishedYear: any; contractNames: any[]; packageNames: string[]; }[]' is not assignable to type 'ContractorWithPackages[]'.
            Property 'ContractorType' is missing in type '{ ContractorID: any; FullName: any; TaxCode: any; Address: any; Representative: any; ContactInfo: any; IsForeign: any; CapCertCode: any; OpLicenseNo: any; EstablishedYear: any; contractNames: any[]; packageNames: string[]; }' but required in type 'ContractorWithPackages'.
  Overload 2 of 3, '(options: UndefinedInitialDataOptions<ContractorWithPackages[], Error, ContractorWithPackages[], readonly unknown[]>, queryClient?: QueryClient): UseQueryResult<...>', gave the following error.
    Type '() => Promise<{ ContractorID: any; FullName: any; TaxCode: any; Address: any; Representative: any; ContactInfo: any; IsForeign: any; CapCertCode: any; OpLicenseNo: any; EstablishedYear: any; contractNames: any[]; packageNames: string[]; }[]>' is not assignable to type 'unique symbol | QueryFunction<ContractorWithPackages[], readonly unknown[], never>'.
      Type '() => Promise<{ ContractorID: any; FullName: any; TaxCode: any; Address: any; Representative: any; ContactInfo: any; IsForeign: any; CapCertCode: any; OpLicenseNo: any; EstablishedYear: any; contractNames: any[]; packageNames: string[]; }[]>' is not assignable to type 'QueryFunction<ContractorWithPackages[], readonly unknown[], never>'.
        Type 'Promise<{ ContractorID: any; FullName: any; TaxCode: any; Address: any; Representative: any; ContactInfo: any; IsForeign: any; CapCertCode: any; OpLicenseNo: any; EstablishedYear: any; contractNames: any[]; packageNames: string[]; }[]>' is not assignable to type 'ContractorWithPackages[] | Promise<ContractorWithPackages[]>'.
          Type 'Promise<{ ContractorID: any; FullName: any; TaxCode: any; Address: any; Representative: any; ContactInfo: any; IsForeign: any; CapCertCode: any; OpLicenseNo: any; EstablishedYear: any; contractNames: any[]; packageNames: string[]; }[]>' is not assignable to type 'Promise<ContractorWithPackages[]>'.
            Type '{ ContractorID: any; FullName: any; TaxCode: any; Address: any; Representative: any; ContactInfo: any; IsForeign: any; CapCertCode: any; OpLicenseNo: any; EstablishedYear: any; contractNames: any[]; packageNames: string[]; }[]' is not assignable to type 'ContractorWithPackages[]'.
              Property 'ContractorType' is missing in type '{ ContractorID: any; FullName: any; TaxCode: any; Address: any; Representative: any; ContactInfo: any; IsForeign: any; CapCertCode: any; OpLicenseNo: any; EstablishedYear: any; contractNames: any[]; packageNames: string[]; }' but required in type 'ContractorWithPackages'.
  Overload 3 of 3, '(options: UseQueryOptions<ContractorWithPackages[], Error, ContractorWithPackages[], readonly unknown[]>, queryClient?: QueryClient): UseQueryResult<...>', gave the following error.
    Type '() => Promise<{ ContractorID: any; FullName: any; TaxCode: any; Address: any; Representative: any; ContactInfo: any; IsForeign: any; CapCertCode: any; OpLicenseNo: any; EstablishedYear: any; contractNames: any[]; packageNames: string[]; }[]>' is not assignable to type 'unique symbol | QueryFunction<ContractorWithPackages[], readonly unknown[], never>'.
      Type '() => Promise<{ ContractorID: any; FullName: any; TaxCode: any; Address: any; Representative: any; ContactInfo: any; IsForeign: any; CapCertCode: any; OpLicenseNo: any; EstablishedYear: any; contractNames: any[]; packageNames: string[]; }[]>' is not assignable to type 'QueryFunction<ContractorWithPackages[], readonly unknown[], never>'.
        Type 'Promise<{ ContractorID: any; FullName: any; TaxCode: any; Address: any; Representative: any; ContactInfo: any; IsForeign: any; CapCertCode: any; OpLicenseNo: any; EstablishedYear: any; contractNames: any[]; packageNames: string[]; }[]>' is not assignable to type 'ContractorWithPackages[] | Promise<ContractorWithPackages[]>'.
          Type 'Promise<{ ContractorID: any; FullName: any; TaxCode: any; Address: any; Representative: any; ContactInfo: any; IsForeign: any; CapCertCode: any; OpLicenseNo: any; EstablishedYear: any; contractNames: any[]; packageNames: string[]; }[]>' is not assignable to type 'Promise<ContractorWithPackages[]>'.
            Type '{ ContractorID: any; FullName: any; TaxCode: any; Address: any; Representative: any; ContactInfo: any; IsForeign: any; CapCertCode: any; OpLicenseNo: any; EstablishedYear: any; contractNames: any[]; packageNames: string[]; }[]' is not assignable to type 'ContractorWithPackages[]'.
              Property 'ContractorType' is missing in type '{ ContractorID: any; FullName: any; TaxCode: any; Address: any; Representative: any; ContactInfo: any; IsForeign: any; CapCertCode: any; OpLicenseNo: any; EstablishedYear: any; contractNames: any[]; packageNames: string[]; }' but required in type 'ContractorWithPackages'.
features/projects/components/tabs/ProjectInfoTab.tsx(136,47): error TS2339: Property 'find' does not exist on type 'any[] | NoInfer_2<TQueryFnData>'.
  Property 'find' does not exist on type 'NoInfer_2<TQueryFnData>'.
features/projects/components/WorkflowStepDetailPanel.tsx(7,64): error TS2307: Cannot find module '@/services/WorkflowService' or its corresponding type declarations.
features/projects/hooks/useWorkflowPhases.ts(7,82): error TS2307: Cannot find module '@/services/WorkflowService' or its corresponding type declarations.
features/workflows/components/ISOWorkflowStepDetailPanel.tsx(68,37): error TS2589: Type instantiation is excessively deep and possibly infinite.
features/workflows/components/ISOWorkflowStepDetailPanel.tsx(69,15): error TS2769: No overload matches this call.
  Overload 1 of 2, '(relation: "contracts" | "procurement_plans" | "projects" | "documents" | "cde_comments" | "cde_folders" | "contractors" | "bidding_packages" | "capital_plans" | "payments" | "iso_workflow_nodes" | ... 34 more ... | "variation_orders"): PostgrestQueryBuilder<...>', gave the following error.
    Argument of type '"cde_documents"' is not assignable to parameter of type '"contracts" | "procurement_plans" | "projects" | "documents" | "cde_comments" | "cde_folders" | "contractors" | "bidding_packages" | "capital_plans" | "payments" | "iso_workflow_nodes" | ... 34 more ... | "variation_orders"'.
  Overload 2 of 2, '(relation: never): PostgrestQueryBuilder<{ PostgrestVersion: "14.4"; }, { Tables: { acceptance_records: { Row: { acceptance_date: string; acceptance_type: string; contract_id: string; created_at: string; description: string; ... 4 more ...; updated_at: string; }; Insert: { ...; }; Update: { ...; }; Relationships: [...]; }; ... 44 more ...; variation_orders: { ...; }; }; Views: {}; Functions: { ...; }; Enums: { ...; }; CompositeTypes: {}; }, never, never, never>', gave the following error.
    Argument of type '"cde_documents"' is not assignable to parameter of type 'never'.
features/workflows/components/ISOWorkflowStepDetailPanel.tsx(158,29): error TS2769: No overload matches this call.
  Overload 1 of 2, '(relation: "contracts" | "procurement_plans" | "projects" | "documents" | "cde_comments" | "cde_folders" | "contractors" | "bidding_packages" | "capital_plans" | "payments" | "iso_workflow_nodes" | ... 34 more ... | "variation_orders"): PostgrestQueryBuilder<...>', gave the following error.
    Argument of type '"cde_documents"' is not assignable to parameter of type '"contracts" | "procurement_plans" | "projects" | "documents" | "cde_comments" | "cde_folders" | "contractors" | "bidding_packages" | "capital_plans" | "payments" | "iso_workflow_nodes" | ... 34 more ... | "variation_orders"'.
  Overload 2 of 2, '(relation: never): PostgrestQueryBuilder<{ PostgrestVersion: "14.4"; }, { Tables: { acceptance_records: { Row: { acceptance_date: string; acceptance_type: string; contract_id: string; created_at: string; description: string; ... 4 more ...; updated_at: string; }; Insert: { ...; }; Update: { ...; }; Relationships: [...]; }; ... 44 more ...; variation_orders: { ...; }; }; Views: {}; Functions: { ...; }; Enums: { ...; }; CompositeTypes: {}; }, never, never, never>', gave the following error.
    Argument of type '"cde_documents"' is not assignable to parameter of type 'never'.
features/workflows/components/ISOWorkflowStepDetailPanel.tsx(314,40): error TS2339: Property 'user_id' does not exist on type 'SelectQueryError<"column 'user_id' does not exist on 'project_members'.">'.
features/workflows/components/ISOWorkflowStepDetailPanel.tsx(314,58): error TS2339: Property 'user_id' does not exist on type 'SelectQueryError<"column 'user_id' does not exist on 'project_members'.">'.
features/workflows/components/ISOWorkflowStepDetailPanel.tsx(315,31): error TS2339: Property 'employee' does not exist on type 'SelectQueryError<"column 'user_id' does not exist on 'project_members'.">'.
features/workflows/components/ISOWorkflowStepDetailPanel.tsx(315,65): error TS2339: Property 'employee' does not exist on type 'SelectQueryError<"column 'user_id' does not exist on 'project_members'.">'.
hooks/useDocuments.ts(8,40): error TS2339: Property 'getFolders' does not exist on type 'typeof DocumentService'.
hooks/useDocuments.ts(16,40): error TS2339: Property 'getDocumentsInFolder' does not exist on type 'typeof DocumentService'.
hooks/useDocuments.ts(25,29): error TS2339: Property 'processStep' does not exist on type 'typeof DocumentService'.
lib/mappers/projectMappers.ts(43,5): error TS2353: Object literal may only specify known properties, and 'IsSynced' does not exist in type 'Project'.
lib/mappers/projectMappers.ts(160,11): error TS2339: Property 'IsSynced' does not exist on type 'Partial<Project>'.
lib/mappers/projectMappers.ts(160,56): error TS2339: Property 'IsSynced' does not exist on type 'Partial<Project>'.
lib/mappers/projectMappers.ts(161,11): error TS2339: Property 'LastSyncDate' does not exist on type 'Partial<Project>'.
lib/mappers/projectMappers.ts(161,65): error TS2339: Property 'LastSyncDate' does not exist on type 'Partial<Project>'.
lib/mappers/projectMappers.ts(161,96): error TS2339: Property 'LastSyncDate' does not exist on type 'Partial<Project>'.
lib/mappers/projectMappers.ts(162,11): error TS2339: Property 'NationalProjectCode' does not exist on type 'Partial<Project>'.
lib/mappers/projectMappers.ts(162,79): error TS2339: Property 'NationalProjectCode' does not exist on type 'Partial<Project>'.
lib/mappers/projectMappers.ts(163,11): error TS2339: Property 'SyncError' does not exist on type 'Partial<Project>'.
lib/mappers/projectMappers.ts(163,58): error TS2339: Property 'SyncError' does not exist on type 'Partial<Project>'.
lib/mappers/projectMappers.ts(216,5): error TS2353: Object literal may only specify known properties, and 'CapitalSource' does not exist in type 'BiddingPackage'.
lib/mappers/projectMappers.ts(244,12): error TS2339: Property 'CapitalSource' does not exist on type 'Partial<BiddingPackage>'.
lib/mappers/projectMappers.ts(244,64): error TS2339: Property 'CapitalSource' does not exist on type 'Partial<BiddingPackage>'.
services/IsoWorkflowService.ts(30,5): error TS2322: Type '{ completed_at: string; context_data: Json; created_by: string; current_node_id: string; id: string; reference_id: string; reference_type: string; started_at: string; status: "draft" | "in_progress" | "completed" | "rejected" | "cancelled"; updated_at: string; workflow_id: string; workflow: { ...; }; }[]' is not assignable to type 'IsoWorkflowInstance[]'.
  Type '{ completed_at: string; context_data: Json; created_by: string; current_node_id: string; id: string; reference_id: string; reference_type: string; started_at: string; status: "draft" | "in_progress" | "completed" | "rejected" | "cancelled"; updated_at: string; workflow_id: string; workflow: { ...; }; }' is not assignable to type 'IsoWorkflowInstance'.
    Types of property 'context_data' are incompatible.
      Type 'Json' is not assignable to type 'Record<string, any>'.
        Type 'string' is not assignable to type 'Record<string, any>'.
services/IsoWorkflowService.ts(92,5): error TS2322: Type '{ action_taken: string; assignee_id: string; cde_folder_id: string; comments: string; completed_at: string; created_at: string; digital_signature: Json; due_date: string; id: string; instance_id: string; node_id: string; started_at: string; status: "pending" | ... 4 more ... | "transferred"; }' is not assignable to type 'IsoWorkflowTask'.
  Types of property 'digital_signature' are incompatible.
    Type 'Json' is not assignable to type 'Record<string, any>'.
      Type 'string' is not assignable to type 'Record<string, any>'.
services/IsoWorkflowService.ts(112,5): error TS2322: Type '{ action_taken: string; assignee_id: string; cde_folder_id: string; comments: string; completed_at: string; created_at: string; digital_signature: Json; due_date: string; id: string; instance_id: string; ... 4 more ...; instance: { ...; }; }[]' is not assignable to type '(IsoWorkflowTask & { node?: IsoWorkflowNode; instance?: IsoWorkflowInstance; })[]'.
  Type '{ action_taken: string; assignee_id: string; cde_folder_id: string; comments: string; completed_at: string; created_at: string; digital_signature: Json; due_date: string; id: string; instance_id: string; ... 4 more ...; instance: { ...; }; }' is not assignable to type 'IsoWorkflowTask & { node?: IsoWorkflowNode; instance?: IsoWorkflowInstance; }'.
    Type '{ action_taken: string; assignee_id: string; cde_folder_id: string; comments: string; completed_at: string; created_at: string; digital_signature: Json; due_date: string; id: string; instance_id: string; ... 4 more ...; instance: { ...; }; }' is not assignable to type 'IsoWorkflowTask'.
      Types of property 'digital_signature' are incompatible.
        Type 'Json' is not assignable to type 'Record<string, any>'.
          Type 'string' is not assignable to type 'Record<string, any>'.
services/IsoWorkflowService.ts(128,5): error TS2322: Type '{ action_taken: string; assignee_id: string; cde_folder_id: string; comments: string; completed_at: string; created_at: string; digital_signature: Json; due_date: string; id: string; instance_id: string; ... 4 more ...; assignee: SelectQueryError<...>; }[]' is not assignable to type 'IsoWorkflowTask[]'.
  Type '{ action_taken: string; assignee_id: string; cde_folder_id: string; comments: string; completed_at: string; created_at: string; digital_signature: Json; due_date: string; id: string; instance_id: string; ... 4 more ...; assignee: SelectQueryError<...>; }' is not assignable to type 'IsoWorkflowTask'.
    Types of property 'digital_signature' are incompatible.
      Type 'Json' is not assignable to type 'Record<string, any>'.
        Type 'string' is not assignable to type 'Record<string, any>'.
services/IsoWorkflowService.ts(165,5): error TS2322: Type '{ completed_at: string; context_data: Json; created_by: string; current_node_id: string; id: string; reference_id: string; reference_type: string; started_at: string; status: "draft" | "in_progress" | "completed" | "rejected" | "cancelled"; updated_at: string; workflow_id: string; }' is not assignable to type 'IsoWorkflowInstance'.
  Types of property 'context_data' are incompatible.
    Type 'Json' is not assignable to type 'Record<string, any>'.
      Type 'string' is not assignable to type 'Record<string, any>'.
services/IsoWorkflowService.ts(383,10): error TS2769: No overload matches this call.
  Overload 1 of 2, '(values: { container_type: string; created_at?: string; description?: string; icon?: string; id?: string; name: string; parent_id?: string; path?: string; phase?: string; project_id: string; sort_order?: number; updated_at?: string; }, options?: { ...; }): PostgrestFilterBuilder<...>', gave the following error.
    Object literal may only specify known properties, but 'created_by' does not exist in type '{ container_type: string; created_at?: string; description?: string; icon?: string; id?: string; name: string; parent_id?: string; path?: string; phase?: string; project_id: string; sort_order?: number; updated_at?: string; }'. Did you mean to write 'created_at'?
  Overload 2 of 2, '(values: { container_type: string; created_at?: string; description?: string; icon?: string; id?: string; name: string; parent_id?: string; path?: string; phase?: string; project_id: string; sort_order?: number; updated_at?: string; }[], options?: { ...; }): PostgrestFilterBuilder<...>', gave the following error.
    Object literal may only specify known properties, and 'project_id' does not exist in type '{ container_type: string; created_at?: string; description?: string; icon?: string; id?: string; name: string; parent_id?: string; path?: string; phase?: string; project_id: string; sort_order?: number; updated_at?: string; }[]'.
services/IsoWorkflowService.ts(404,10): error TS2769: No overload matches this call.
  Overload 1 of 2, '(values: { container_type: string; created_at?: string; description?: string; icon?: string; id?: string; name: string; parent_id?: string; path?: string; phase?: string; project_id: string; sort_order?: number; updated_at?: string; }, options?: { ...; }): PostgrestFilterBuilder<...>', gave the following error.
    Object literal may only specify known properties, but 'created_by' does not exist in type '{ container_type: string; created_at?: string; description?: string; icon?: string; id?: string; name: string; parent_id?: string; path?: string; phase?: string; project_id: string; sort_order?: number; updated_at?: string; }'. Did you mean to write 'created_at'?
  Overload 2 of 2, '(values: { container_type: string; created_at?: string; description?: string; icon?: string; id?: string; name: string; parent_id?: string; path?: string; phase?: string; project_id: string; sort_order?: number; updated_at?: string; }[], options?: { ...; }): PostgrestFilterBuilder<...>', gave the following error.
    Object literal may only specify known properties, and 'project_id' does not exist in type '{ container_type: string; created_at?: string; description?: string; icon?: string; id?: string; name: string; parent_id?: string; path?: string; phase?: string; project_id: string; sort_order?: number; updated_at?: string; }[]'.
services/IsoWorkflowService.ts(426,10): error TS2769: No overload matches this call.
  Overload 1 of 2, '(values: { container_type: string; created_at?: string; description?: string; icon?: string; id?: string; name: string; parent_id?: string; path?: string; phase?: string; project_id: string; sort_order?: number; updated_at?: string; }, options?: { ...; }): PostgrestFilterBuilder<...>', gave the following error.
    Object literal may only specify known properties, but 'created_by' does not exist in type '{ container_type: string; created_at?: string; description?: string; icon?: string; id?: string; name: string; parent_id?: string; path?: string; phase?: string; project_id: string; sort_order?: number; updated_at?: string; }'. Did you mean to write 'created_at'?
  Overload 2 of 2, '(values: { container_type: string; created_at?: string; description?: string; icon?: string; id?: string; name: string; parent_id?: string; path?: string; phase?: string; project_id: string; sort_order?: number; updated_at?: string; }[], options?: { ...; }): PostgrestFilterBuilder<...>', gave the following error.
    Object literal may only specify known properties, and 'project_id' does not exist in type '{ container_type: string; created_at?: string; description?: string; icon?: string; id?: string; name: string; parent_id?: string; path?: string; phase?: string; project_id: string; sort_order?: number; updated_at?: string; }[]'.
services/UserAccountService.ts(122,9): error TS2739: Type '{ account_id: string; auth_user_id: string; created_at: string; employee_id: string; is_active: boolean; last_login: string; password_hash: string; updated_at: string; username: string; }' is missing the following properties from type 'UserAccount': id, created_by
services/UserAccountService.ts(131,33): error TS2589: Type instantiation is excessively deep and possibly infinite.
